2026-08-23 21:49:45,861 - INFO - ========================================MODEL #0========================================
2026-08-23 21:49:45,862 - INFO - params: {'covariance_type': 'full', 'init_params': None, 'n_components': 5}
2026-08-23 21:49:45,862 - INFO - uncompatble params: {'covariance_type': 'full', 'init_params': None, 'n_components': 5}
2026-08-23 21:49:45,862 - INFO - ========================================MODEL #1========================================
2026-08-23 21:49:45,862 - INFO - params: {'covariance_type': 'full', 'init_params': None, 'n_components': 8}
2026-08-23 21:49:45,862 - INFO - uncompatble params: {'covariance_type': 'full', 'init_params': None, 'n_components': 8}
2026-08-23 21:49:45,862 - INFO - ========================================MODEL #2========================================
2026-08-23 21:49:45,862 - INFO - params: {'covariance_type': 'full', 'init_params': None, 'n_components': 11}
2026-08-23 21:49:45,863 - INFO - uncompatble params: {'covariance_type': 'full', 'init_params': None, 'n_components': 11}
2026-08-23 21:49:45,863 - INFO - ========================================MODEL #3========================================
2026-08-23 21:49:45,863 - INFO - params: {'covariance_type': 'full', 'init_params': None, 'n_components': 14}
2026-08-23 21:49:45,863 - INFO - uncompatble params: {'covariance_type': 'full', 'init_params': None, 'n_components': 14}
2026-08-23 21:49:45,863 - INFO - ========================================MODEL #4========================================
2026-08-23 21:49:45,863 - INFO - params: {'covariance_type': 'full', 'init_params': None, 'n_components': 17}
2026-08-23 21:49:45,863 - INFO - uncompatble params: {'covariance_type': 'full', 'init_params': None, 'n_components': 17}
2026-08-23 21:49:45,863 - INFO - ========================================MODEL #5========================================
2026-08-23 21:49:45,863 - INFO - params: {'covariance_type': 'full', 'init_params': None, 'n_components': 20}
2026-08-23 21:49:45,863 - INFO - uncompatble params: {'covariance_type': 'full', 'init_params': None, 'n_components': 20}
2026-08-23 21:49:45,863 - INFO - ========================================MODEL #6========================================
2026-08-23 21:49:45,863 - INFO - params: {'covariance_type': 'full', 'init_params': None, 'n_components': 23}
2026-08-23 21:49:45,863 - INFO - uncompatble params: {'covariance_type': 'full', 'init_params': None, 'n_components': 23}
2026-08-23 21:49:45,863 - INFO - ========================================MODEL #7========================================
2026-08-23 21:49:45,863 - INFO - params: {'covariance_type': 'full', 'init_params': 'k-means++', 'n_components': 5}
2026-08-23 21:49:53,251 - INFO - silhouette_score: 0.05096361248120885
2026-08-23 21:49:53,251 - INFO - number of the clusters: 5
2026-08-23 21:49:53,251 - INFO - Clusers structure: {np.int64(0): np.int64(1375), np.int64(1): np.int64(1965), np.int64(2): np.int64(11577), np.int64(3): np.int64(1824), np.int64(4): np.int64(4259)}
2026-08-23 21:49:53,251 - INFO - Clusters found by GaussianMixture
2026-08-23 21:49:53,251 - INFO - Clustering took 7.39 s
2026-08-23 21:49:53,251 - INFO - ========================================MODEL #8========================================
2026-08-23 21:49:53,251 - INFO - params: {'covariance_type': 'full', 'init_params': 'k-means++', 'n_components': 8}
2026-08-23 21:50:02,592 - INFO - silhouette_score: -0.03723803199273033
2026-08-23 21:50:02,593 - INFO - number of the clusters: 8
2026-08-23 21:50:02,593 - INFO - Clusers structure: {np.int64(0): np.int64(1783), np.int64(1): np.int64(676), np.int64(2): np.int64(2184), np.int64(3): np.int64(7232), np.int64(4): np.int64(861), np.int64(5): np.int64(2536), np.int64(6): np.int64(4316), np.int64(7): np.int64(1412)}
2026-08-23 21:50:02,593 - INFO - Clusters found by GaussianMixture
2026-08-23 21:50:02,593 - INFO - Clustering took 16.73 s
2026-08-23 21:50:02,593 - INFO - ========================================MODEL #9========================================
2026-08-23 21:50:02,593 - INFO - params: {'covariance_type': 'full', 'init_params': 'k-means++', 'n_components': 11}
2026-08-23 21:50:13,057 - INFO - silhouette_score: -0.0445846072203237
2026-08-23 21:50:13,058 - INFO - number of the clusters: 11
2026-08-23 21:50:13,058 - INFO - Clusers structure: {np.int64(0): np.int64(354), np.int64(1): np.int64(1855), np.int64(2): np.int64(3386), np.int64(3): np.int64(658), np.int64(4): np.int64(1414), np.int64(5): np.int64(328), np.int64(6): np.int64(7296), np.int64(7): np.int64(903), np.int64(8): np.int64(1347), np.int64(9): np.int64(221), np.int64(10): np.int64(3238)}
2026-08-23 21:50:13,058 - INFO - Clusters found by GaussianMixture
2026-08-23 21:50:13,058 - INFO - Clustering took 27.20 s
2026-08-23 21:50:13,058 - INFO - ========================================MODEL #10========================================
2026-08-23 21:50:13,058 - INFO - params: {'covariance_type': 'full', 'init_params': 'k-means++', 'n_components': 14}
2026-08-23 21:50:26,252 - INFO - silhouette_score: -0.00327956358752004
2026-08-23 21:50:26,253 - INFO - number of the clusters: 14
2026-08-23 21:50:26,253 - INFO - Clusers structure: {np.int64(0): np.int64(1502), np.int64(1): np.int64(482), np.int64(2): np.int64(80), np.int64(3): np.int64(206), np.int64(4): np.int64(1312), np.int64(5): np.int64(1076), np.int64(6): np.int64(1581), np.int64(7): np.int64(828), np.int64(8): np.int64(2994), np.int64(9): np.int64(230), np.int64(10): np.int64(3718), np.int64(11): np.int64(682), np.int64(12): np.int64(6221), np.int64(13): np.int64(88)}
2026-08-23 21:50:26,253 - INFO - Clusters found by GaussianMixture
2026-08-23 21:50:26,253 - INFO - Clustering took 40.39 s
2026-08-23 21:50:26,253 - INFO - ========================================MODEL #11========================================
2026-08-23 21:50:26,253 - INFO - params: {'covariance_type': 'full', 'init_params': 'k-means++', 'n_components': 17}
2026-08-23 21:50:46,956 - INFO - silhouette_score: -0.015970095752586465
2026-08-23 21:50:46,957 - INFO - number of the clusters: 17
2026-08-23 21:50:46,957 - INFO - Clusers structure: {np.int64(0): np.int64(6), np.int64(1): np.int64(706), np.int64(2): np.int64(136), np.int64(3): np.int64(1161), np.int64(4): np.int64(249), np.int64(5): np.int64(1857), np.int64(6): np.int64(227), np.int64(7): np.int64(41), np.int64(8): np.int64(437), np.int64(9): np.int64(6676), np.int64(10): np.int64(4081), np.int64(11): np.int64(2875), np.int64(12): np.int64(32), np.int64(13): np.int64(267), np.int64(14): np.int64(1415), np.int64(15): np.int64(660), np.int64(16): np.int64(174)}
2026-08-23 21:50:46,957 - INFO - Clusters found by GaussianMixture
2026-08-23 21:50:46,957 - INFO - Clustering took 61.10 s
2026-08-23 21:50:46,957 - INFO - ========================================MODEL #12========================================
2026-08-23 21:50:46,957 - INFO - params: {'covariance_type': 'full', 'init_params': 'k-means++', 'n_components': 20}
2026-08-23 21:51:09,641 - INFO - silhouette_score: -0.11225313133756713
2026-08-23 21:51:09,641 - INFO - number of the clusters: 20
2026-08-23 21:51:09,641 - INFO - Clusers structure: {np.int64(0): np.int64(3109), np.int64(1): np.int64(631), np.int64(2): np.int64(214), np.int64(3): np.int64(1131), np.int64(4): np.int64(628), np.int64(5): np.int64(1752), np.int64(6): np.int64(590), np.int64(7): np.int64(411), np.int64(8): np.int64(2682), np.int64(9): np.int64(17), np.int64(10): np.int64(128), np.int64(11): np.int64(261), np.int64(12): np.int64(226), np.int64(13): np.int64(5270), np.int64(14): np.int64(2043), np.int64(15): np.int64(58), np.int64(16): np.int64(773), np.int64(17): np.int64(554), np.int64(18): np.int64(402), np.int64(19): np.int64(120)}
2026-08-23 21:51:09,641 - INFO - Clusters found by GaussianMixture
2026-08-23 21:51:09,641 - INFO - Clustering took 83.78 s
2026-08-23 21:51:09,641 - INFO - ========================================MODEL #13========================================
2026-08-23 21:51:09,641 - INFO - params: {'covariance_type': 'full', 'init_params': 'k-means++', 'n_components': 23}
2026-08-23 21:51:32,354 - INFO - silhouette_score: -0.07857663271604155
2026-08-23 21:51:32,355 - INFO - number of the clusters: 23
2026-08-23 21:51:32,355 - INFO - Clusers structure: {np.int64(0): np.int64(999), np.int64(1): np.int64(532), np.int64(2): np.int64(238), np.int64(3): np.int64(1550), np.int64(4): np.int64(968), np.int64(5): np.int64(147), np.int64(6): np.int64(425), np.int64(7): np.int64(328), np.int64(8): np.int64(160), np.int64(9): np.int64(127), np.int64(10): np.int64(76), np.int64(11): np.int64(3899), np.int64(12): np.int64(4760), np.int64(13): np.int64(2213), np.int64(14): np.int64(216), np.int64(15): np.int64(137), np.int64(16): np.int64(70), np.int64(17): np.int64(2638), np.int64(18): np.int64(289), np.int64(19): np.int64(238), np.int64(20): np.int64(170), np.int64(21): np.int64(636), np.int64(22): np.int64(184)}
2026-08-23 21:51:32,355 - INFO - Clusters found by GaussianMixture
2026-08-23 21:51:32,355 - INFO - Clustering took 106.49 s
2026-08-23 21:51:32,355 - INFO - ========================================MODEL #14========================================
2026-08-23 21:51:32,355 - INFO - params: {'covariance_type': 'tied', 'init_params': None, 'n_components': 5}
2026-08-23 21:51:32,356 - INFO - uncompatble params: {'covariance_type': 'tied', 'init_params': None, 'n_components': 5}
2026-08-23 21:51:32,356 - INFO - ========================================MODEL #15========================================
2026-08-23 21:51:32,356 - INFO - params: {'covariance_type': 'tied', 'init_params': None, 'n_components': 8}
2026-08-23 21:51:32,356 - INFO - uncompatble params: {'covariance_type': 'tied', 'init_params': None, 'n_components': 8}
2026-08-23 21:51:32,356 - INFO - ========================================MODEL #16========================================
2026-08-23 21:51:32,356 - INFO - params: {'covariance_type': 'tied', 'init_params': None, 'n_components': 11}
2026-08-23 21:51:32,356 - INFO - uncompatble params: {'covariance_type': 'tied', 'init_params': None, 'n_components': 11}
2026-08-23 21:51:32,356 - INFO - ========================================MODEL #17========================================
2026-08-23 21:51:32,356 - INFO - params: {'covariance_type': 'tied', 'init_params': None, 'n_components': 14}
2026-08-23 21:51:32,356 - INFO - uncompatble params: {'covariance_type': 'tied', 'init_params': None, 'n_components': 14}
2026-08-23 21:51:32,356 - INFO - ========================================MODEL #18========================================
2026-08-23 21:51:32,356 - INFO - params: {'covariance_type': 'tied', 'init_params': None, 'n_components': 17}
2026-08-23 21:51:32,356 - INFO - uncompatble params: {'covariance_type': 'tied', 'init_params': None, 'n_components': 17}
2026-08-23 21:51:32,356 - INFO - ========================================MODEL #19========================================
2026-08-23 21:51:32,356 - INFO - params: {'covariance_type': 'tied', 'init_params': None, 'n_components': 20}
2026-08-23 21:51:32,357 - INFO - uncompatble params: {'covariance_type': 'tied', 'init_params': None, 'n_components': 20}
2026-08-23 21:51:32,357 - INFO - ========================================MODEL #20========================================
2026-08-23 21:51:32,357 - INFO - params: {'covariance_type': 'tied', 'init_params': None, 'n_components': 23}
2026-08-23 21:51:32,357 - INFO - uncompatble params: {'covariance_type': 'tied', 'init_params': None, 'n_components': 23}
2026-08-23 21:51:32,357 - INFO - ========================================MODEL #21========================================
2026-08-23 21:51:32,357 - INFO - params: {'covariance_type': 'tied', 'init_params': 'k-means++', 'n_components': 5}
2026-08-23 21:51:37,269 - INFO - silhouette_score: 0.3146035133657209
2026-08-23 21:51:37,269 - INFO - number of the clusters: 5
2026-08-23 21:51:37,269 - INFO - Clusers structure: {np.int64(0): np.int64(32), np.int64(1): np.int64(19145), np.int64(2): np.int64(1002), np.int64(3): np.int64(82), np.int64(4): np.int64(739)}
2026-08-23 21:51:37,269 - INFO - Clusters found by GaussianMixture
2026-08-23 21:51:37,269 - INFO - Clustering took 111.41 s
2026-08-23 21:51:37,269 - INFO - ========================================MODEL #22========================================
2026-08-23 21:51:37,269 - INFO - params: {'covariance_type': 'tied', 'init_params': 'k-means++', 'n_components': 8}
2026-08-23 21:51:42,201 - INFO - silhouette_score: 0.35213914147652836
2026-08-23 21:51:42,202 - INFO - number of the clusters: 8
2026-08-23 21:51:42,202 - INFO - Clusers structure: {np.int64(0): np.int64(295), np.int64(1): np.int64(16552), np.int64(2): np.int64(421), np.int64(3): np.int64(965), np.int64(4): np.int64(510), np.int64(5): np.int64(463), np.int64(6): np.int64(949), np.int64(7): np.int64(845)}
2026-08-23 21:51:42,202 - INFO - Clusters found by GaussianMixture
2026-08-23 21:51:42,202 - INFO - Clustering took 116.34 s
2026-08-23 21:51:42,202 - INFO - ========================================MODEL #23========================================
2026-08-23 21:51:42,202 - INFO - params: {'covariance_type': 'tied', 'init_params': 'k-means++', 'n_components': 11}
2026-08-23 21:51:46,954 - INFO - silhouette_score: 0.3874983182340451
2026-08-23 21:51:46,955 - INFO - number of the clusters: 11
2026-08-23 21:51:46,955 - INFO - Clusers structure: {np.int64(0): np.int64(616), np.int64(1): np.int64(645), np.int64(2): np.int64(14917), np.int64(3): np.int64(709), np.int64(4): np.int64(70), np.int64(5): np.int64(714), np.int64(6): np.int64(904), np.int64(7): np.int64(582), np.int64(8): np.int64(420), np.int64(9): np.int64(606), np.int64(10): np.int64(817)}
2026-08-23 21:51:46,955 - INFO - Clusters found by GaussianMixture
2026-08-23 21:51:46,955 - INFO - Clustering took 121.09 s
2026-08-23 21:51:46,955 - INFO - ========================================MODEL #24========================================
2026-08-23 21:51:46,955 - INFO - params: {'covariance_type': 'tied', 'init_params': 'k-means++', 'n_components': 14}
2026-08-23 21:51:51,945 - INFO - silhouette_score: 0.4363586514474205
2026-08-23 21:51:51,946 - INFO - number of the clusters: 14
2026-08-23 21:51:51,946 - INFO - Clusers structure: {np.int64(0): np.int64(13367), np.int64(1): np.int64(864), np.int64(2): np.int64(770), np.int64(3): np.int64(822), np.int64(4): np.int64(558), np.int64(5): np.int64(84), np.int64(6): np.int64(497), np.int64(7): np.int64(707), np.int64(8): np.int64(641), np.int64(9): np.int64(527), np.int64(10): np.int64(75), np.int64(11): np.int64(709), np.int64(12): np.int64(580), np.int64(13): np.int64(799)}
2026-08-23 21:51:51,946 - INFO - Clusters found by GaussianMixture
2026-08-23 21:51:51,946 - INFO - Clustering took 126.08 s
2026-08-23 21:51:51,946 - INFO - ========================================MODEL #25========================================
2026-08-23 21:51:51,946 - INFO - params: {'covariance_type': 'tied', 'init_params': 'k-means++', 'n_components': 17}
2026-08-23 21:51:57,016 - INFO - silhouette_score: 0.4342351376665588
2026-08-23 21:51:57,016 - INFO - number of the clusters: 17
2026-08-23 21:51:57,017 - INFO - Clusers structure: {np.int64(0): np.int64(441), np.int64(1): np.int64(764), np.int64(2): np.int64(13122), np.int64(3): np.int64(668), np.int64(4): np.int64(265), np.int64(5): np.int64(801), np.int64(6): np.int64(625), np.int64(7): np.int64(806), np.int64(8): np.int64(525), np.int64(9): np.int64(683), np.int64(10): np.int64(601), np.int64(11): np.int64(112), np.int64(12): np.int64(261), np.int64(13): np.int64(627), np.int64(14): np.int64(486), np.int64(15): np.int64(112), np.int64(16): np.int64(101)}
2026-08-23 21:51:57,017 - INFO - Clusters found by GaussianMixture
2026-08-23 21:51:57,017 - INFO - Clustering took 131.16 s
2026-08-23 21:51:57,017 - INFO - ========================================MODEL #26========================================
2026-08-23 21:51:57,017 - INFO - params: {'covariance_type': 'tied', 'init_params': 'k-means++', 'n_components': 20}
2026-08-23 21:52:02,912 - INFO - silhouette_score: 0.4527173234624325
2026-08-23 21:52:02,913 - INFO - number of the clusters: 20
2026-08-23 21:52:02,913 - INFO - Clusers structure: {np.int64(0): np.int64(152), np.int64(1): np.int64(12753), np.int64(2): np.int64(51), np.int64(3): np.int64(504), np.int64(4): np.int64(588), np.int64(5): np.int64(832), np.int64(6): np.int64(550), np.int64(7): np.int64(286), np.int64(8): np.int64(710), np.int64(9): np.int64(565), np.int64(10): np.int64(179), np.int64(11): np.int64(529), np.int64(12): np.int64(463), np.int64(13): np.int64(447), np.int64(14): np.int64(348), np.int64(15): np.int64(739), np.int64(16): np.int64(292), np.int64(17): np.int64(68), np.int64(18): np.int64(522), np.int64(19): np.int64(422)}
2026-08-23 21:52:02,913 - INFO - Clusters found by GaussianMixture
2026-08-23 21:52:02,913 - INFO - Clustering took 137.05 s
2026-08-23 21:52:02,913 - INFO - ========================================MODEL #27========================================
2026-08-23 21:52:02,913 - INFO - params: {'covariance_type': 'tied', 'init_params': 'k-means++', 'n_components': 23}
2026-08-23 21:52:09,107 - INFO - silhouette_score: 0.48555512659770084
2026-08-23 21:52:09,108 - INFO - number of the clusters: 23
2026-08-23 21:52:09,108 - INFO - Clusers structure: {np.int64(0): np.int64(3), np.int64(1): np.int64(11736), np.int64(2): np.int64(637), np.int64(3): np.int64(626), np.int64(4): np.int64(505), np.int64(5): np.int64(573), np.int64(6): np.int64(282), np.int64(7): np.int64(509), np.int64(8): np.int64(544), np.int64(9): np.int64(637), np.int64(10): np.int64(510), np.int64(11): np.int64(575), np.int64(12): np.int64(452), np.int64(13): np.int64(236), np.int64(14): np.int64(643), np.int64(15): np.int64(422), np.int64(16): np.int64(399), np.int64(17): np.int64(144), np.int64(18): np.int64(87), np.int64(19): np.int64(491), np.int64(20): np.int64(471), np.int64(21): np.int64(341), np.int64(22): np.int64(177)}
2026-08-23 21:52:09,108 - INFO - Clusters found by GaussianMixture
2026-08-23 21:52:09,108 - INFO - Clustering took 143.25 s
2026-08-23 21:52:09,108 - INFO - ========================================MODEL #28========================================
2026-08-23 21:52:09,108 - INFO - params: {'covariance_type': 'diag', 'init_params': None, 'n_components': 5}
2026-08-23 21:52:09,108 - INFO - uncompatble params: {'covariance_type': 'diag', 'init_params': None, 'n_components': 5}
2026-08-23 21:52:09,108 - INFO - ========================================MODEL #29========================================
2026-08-23 21:52:09,108 - INFO - params: {'covariance_type': 'diag', 'init_params': None, 'n_components': 8}
2026-08-23 21:52:09,108 - INFO - uncompatble params: {'covariance_type': 'diag', 'init_params': None, 'n_components': 8}
2026-08-23 21:52:09,108 - INFO - ========================================MODEL #30========================================
2026-08-23 21:52:09,108 - INFO - params: {'covariance_type': 'diag', 'init_params': None, 'n_components': 11}
2026-08-23 21:52:09,109 - INFO - uncompatble params: {'covariance_type': 'diag', 'init_params': None, 'n_components': 11}
2026-08-23 21:52:09,109 - INFO - ========================================MODEL #31========================================
2026-08-23 21:52:09,109 - INFO - params: {'covariance_type': 'diag', 'init_params': None, 'n_components': 14}
2026-08-23 21:52:09,109 - INFO - uncompatble params: {'covariance_type': 'diag', 'init_params': None, 'n_components': 14}
2026-08-23 21:52:09,109 - INFO - ========================================MODEL #32========================================
2026-08-23 21:52:09,109 - INFO - params: {'covariance_type': 'diag', 'init_params': None, 'n_components': 17}
2026-08-23 21:52:09,109 - INFO - uncompatble params: {'covariance_type': 'diag', 'init_params': None, 'n_components': 17}
2026-08-23 21:52:09,109 - INFO - ========================================MODEL #33========================================
2026-08-23 21:52:09,109 - INFO - params: {'covariance_type': 'diag', 'init_params': None, 'n_components': 20}
2026-08-23 21:52:09,109 - INFO - uncompatble params: {'covariance_type': 'diag', 'init_params': None, 'n_components': 20}
2026-08-23 21:52:09,109 - INFO - ========================================MODEL #34========================================
2026-08-23 21:52:09,109 - INFO - params: {'covariance_type': 'diag', 'init_params': None, 'n_components': 23}
2026-08-23 21:52:09,110 - INFO - uncompatble params: {'covariance_type': 'diag', 'init_params': None, 'n_components': 23}
2026-08-23 21:52:09,110 - INFO - ========================================MODEL #35========================================
2026-08-23 21:52:09,110 - INFO - params: {'covariance_type': 'diag', 'init_params': 'k-means++', 'n_components': 5}
2026-08-23 21:52:13,711 - INFO - silhouette_score: 0.011053451481623256
2026-08-23 21:52:13,712 - INFO - number of the clusters: 5
2026-08-23 21:52:13,712 - INFO - Clusers structure: {np.int64(0): np.int64(5913), np.int64(1): np.int64(2046), np.int64(2): np.int64(2602), np.int64(3): np.int64(6029), np.int64(4): np.int64(4410)}
2026-08-23 21:52:13,712 - INFO - Clusters found by GaussianMixture
2026-08-23 21:52:13,712 - INFO - Clustering took 147.85 s
2026-08-23 21:52:13,712 - INFO - ========================================MODEL #36========================================
2026-08-23 21:52:13,712 - INFO - params: {'covariance_type': 'diag', 'init_params': 'k-means++', 'n_components': 8}
2026-08-23 21:52:18,170 - INFO - silhouette_score: 0.03787463128524988
2026-08-23 21:52:18,170 - INFO - number of the clusters: 8
2026-08-23 21:52:18,170 - INFO - Clusers structure: {np.int64(0): np.int64(797), np.int64(1): np.int64(5898), np.int64(2): np.int64(3925), np.int64(3): np.int64(1259), np.int64(4): np.int64(744), np.int64(5): np.int64(2253), np.int64(6): np.int64(4729), np.int64(7): np.int64(1395)}
2026-08-23 21:52:18,170 - INFO - Clusters found by GaussianMixture
2026-08-23 21:52:18,170 - INFO - Clustering took 152.31 s
2026-08-23 21:52:18,170 - INFO - ========================================MODEL #37========================================
2026-08-23 21:52:18,170 - INFO - params: {'covariance_type': 'diag', 'init_params': 'k-means++', 'n_components': 11}
2026-08-23 21:52:24,631 - INFO - silhouette_score: -0.07429171388369338
2026-08-23 21:52:24,631 - INFO - number of the clusters: 11
2026-08-23 21:52:24,631 - INFO - Clusers structure: {np.int64(0): np.int64(3867), np.int64(1): np.int64(261), np.int64(2): np.int64(231), np.int64(3): np.int64(861), np.int64(4): np.int64(887), np.int64(5): np.int64(1859), np.int64(6): np.int64(2007), np.int64(7): np.int64(3757), np.int64(8): np.int64(435), np.int64(9): np.int64(3352), np.int64(10): np.int64(3483)}
2026-08-23 21:52:24,631 - INFO - Clusters found by GaussianMixture
2026-08-23 21:52:24,631 - INFO - Clustering took 158.77 s
2026-08-23 21:52:24,631 - INFO - ========================================MODEL #38========================================
2026-08-23 21:52:24,631 - INFO - params: {'covariance_type': 'diag', 'init_params': 'k-means++', 'n_components': 14}
2026-08-23 21:52:29,964 - INFO - silhouette_score: -0.08356088995225384
2026-08-23 21:52:29,964 - INFO - number of the clusters: 14
2026-08-23 21:52:29,964 - INFO - Clusers structure: {np.int64(0): np.int64(3722), np.int64(1): np.int64(231), np.int64(2): np.int64(1010), np.int64(3): np.int64(1723), np.int64(4): np.int64(968), np.int64(5): np.int64(2318), np.int64(6): np.int64(939), np.int64(7): np.int64(709), np.int64(8): np.int64(3265), np.int64(9): np.int64(942), np.int64(10): np.int64(1644), np.int64(11): np.int64(905), np.int64(12): np.int64(614), np.int64(13): np.int64(2010)}
2026-08-23 21:52:29,964 - INFO - Clusters found by GaussianMixture
2026-08-23 21:52:29,964 - INFO - Clustering took 164.10 s
2026-08-23 21:52:29,964 - INFO - ========================================MODEL #39========================================
2026-08-23 21:52:29,965 - INFO - params: {'covariance_type': 'diag', 'init_params': 'k-means++', 'n_components': 17}
2026-08-23 21:52:36,958 - INFO - silhouette_score: -0.09306863561804171
2026-08-23 21:52:36,959 - INFO - number of the clusters: 17
2026-08-23 21:52:36,959 - INFO - Clusers structure: {np.int64(0): np.int64(2152), np.int64(1): np.int64(2195), np.int64(2): np.int64(3011), np.int64(3): np.int64(1331), np.int64(4): np.int64(300), np.int64(5): np.int64(167), np.int64(6): np.int64(260), np.int64(7): np.int64(774), np.int64(8): np.int64(1136), np.int64(9): np.int64(392), np.int64(10): np.int64(919), np.int64(11): np.int64(2811), np.int64(12): np.int64(231), np.int64(13): np.int64(2876), np.int64(14): np.int64(988), np.int64(15): np.int64(748), np.int64(16): np.int64(709)}
2026-08-23 21:52:36,959 - INFO - Clusters found by GaussianMixture
2026-08-23 21:52:36,959 - INFO - Clustering took 171.10 s
2026-08-23 21:52:36,959 - INFO - ========================================MODEL #40========================================
2026-08-23 21:52:36,959 - INFO - params: {'covariance_type': 'diag', 'init_params': 'k-means++', 'n_components': 20}
2026-08-23 21:52:43,194 - INFO - silhouette_score: -0.039467084355787205
2026-08-23 21:52:43,195 - INFO - number of the clusters: 20
2026-08-23 21:52:43,195 - INFO - Clusers structure: {np.int64(0): np.int64(3682), np.int64(1): np.int64(3333), np.int64(2): np.int64(702), np.int64(3): np.int64(716), np.int64(4): np.int64(2038), np.int64(5): np.int64(493), np.int64(6): np.int64(125), np.int64(7): np.int64(443), np.int64(8): np.int64(167), np.int64(9): np.int64(261), np.int64(10): np.int64(230), np.int64(11): np.int64(379), np.int64(12): np.int64(413), np.int64(13): np.int64(232), np.int64(14): np.int64(2941), np.int64(15): np.int64(537), np.int64(16): np.int64(923), np.int64(17): np.int64(1494), np.int64(18): np.int64(661), np.int64(19): np.int64(1230)}
2026-08-23 21:52:43,195 - INFO - Clusters found by GaussianMixture
2026-08-23 21:52:43,195 - INFO - Clustering took 177.33 s
2026-08-23 21:52:43,195 - INFO - ========================================MODEL #41========================================
2026-08-23 21:52:43,195 - INFO - params: {'covariance_type': 'diag', 'init_params': 'k-means++', 'n_components': 23}
2026-08-23 21:52:51,025 - INFO - silhouette_score: -0.07719367149296309
2026-08-23 21:52:51,025 - INFO - number of the clusters: 23
2026-08-23 21:52:51,025 - INFO - Clusers structure: {np.int64(0): np.int64(422), np.int64(1): np.int64(2962), np.int64(2): np.int64(346), np.int64(3): np.int64(524), np.int64(4): np.int64(1409), np.int64(5): np.int64(176), np.int64(6): np.int64(1052), np.int64(7): np.int64(480), np.int64(8): np.int64(586), np.int64(9): np.int64(274), np.int64(10): np.int64(2106), np.int64(11): np.int64(422), np.int64(12): np.int64(601), np.int64(13): np.int64(2801), np.int64(14): np.int64(467), np.int64(15): np.int64(843), np.int64(16): np.int64(103), np.int64(17): np.int64(968), np.int64(18): np.int64(502), np.int64(19): np.int64(295), np.int64(20): np.int64(764), np.int64(21): np.int64(420), np.int64(22): np.int64(2477)}
2026-08-23 21:52:51,025 - INFO - Clusters found by GaussianMixture
2026-08-23 21:52:51,025 - INFO - Clustering took 185.16 s
