2026-08-23 21:35:42,445 - INFO - ========================================MODEL #0========================================
2026-08-23 21:35:42,445 - INFO - params: {'linkage': 'ward', 'metric': 'cosine', 'n_clusters': 5}
2026-08-23 21:35:42,448 - INFO - uncompatble params: {'linkage': 'ward', 'metric': 'cosine', 'n_clusters': 5}
2026-08-23 21:35:42,448 - INFO - ========================================MODEL #1========================================
2026-08-23 21:35:42,448 - INFO - params: {'linkage': 'ward', 'metric': 'cosine', 'n_clusters': 9}
2026-08-23 21:35:42,450 - INFO - uncompatble params: {'linkage': 'ward', 'metric': 'cosine', 'n_clusters': 9}
2026-08-23 21:35:42,451 - INFO - ========================================MODEL #2========================================
2026-08-23 21:35:42,451 - INFO - params: {'linkage': 'ward', 'metric': 'cosine', 'n_clusters': 14}
2026-08-23 21:35:42,453 - INFO - uncompatble params: {'linkage': 'ward', 'metric': 'cosine', 'n_clusters': 14}
2026-08-23 21:35:42,453 - INFO - ========================================MODEL #3========================================
2026-08-23 21:35:42,453 - INFO - params: {'linkage': 'ward', 'metric': 'cosine', 'n_clusters': 20}
2026-08-23 21:35:42,454 - INFO - uncompatble params: {'linkage': 'ward', 'metric': 'cosine', 'n_clusters': 20}
2026-08-23 21:35:42,455 - INFO - ========================================MODEL #4========================================
2026-08-23 21:35:42,455 - INFO - params: {'linkage': 'ward', 'metric': 'cosine', 'n_clusters': 24}
2026-08-23 21:35:42,456 - INFO - uncompatble params: {'linkage': 'ward', 'metric': 'cosine', 'n_clusters': 24}
2026-08-23 21:35:42,456 - INFO - ========================================MODEL #5========================================
2026-08-23 21:35:42,456 - INFO - params: {'linkage': 'ward', 'metric': 'cosine', 'n_clusters': 32}
2026-08-23 21:35:42,458 - INFO - uncompatble params: {'linkage': 'ward', 'metric': 'cosine', 'n_clusters': 32}
2026-08-23 21:35:42,458 - INFO - ========================================MODEL #6========================================
2026-08-23 21:35:42,458 - INFO - params: {'linkage': 'ward', 'metric': 'cosine', 'n_clusters': 36}
2026-08-23 21:35:42,460 - INFO - uncompatble params: {'linkage': 'ward', 'metric': 'cosine', 'n_clusters': 36}
2026-08-23 21:35:42,460 - INFO - ========================================MODEL #7========================================
2026-08-23 21:35:42,460 - INFO - params: {'linkage': 'ward', 'metric': 'cosine', 'n_clusters': 40}
2026-08-23 21:35:42,462 - INFO - uncompatble params: {'linkage': 'ward', 'metric': 'cosine', 'n_clusters': 40}
2026-08-23 21:35:42,462 - INFO - ========================================MODEL #8========================================
2026-08-23 21:35:42,462 - INFO - params: {'linkage': 'ward', 'metric': 'euclidean', 'n_clusters': 5}
2026-08-23 21:36:11,023 - INFO - silhouette_score: 0.2952737332033895
2026-08-23 21:36:11,024 - INFO - number of the clusters: 5
2026-08-23 21:36:11,024 - INFO - Clusers structure: {np.int64(0): np.int64(4279), np.int64(1): np.int64(14588), np.int64(2): np.int64(683), np.int64(3): np.int64(823), np.int64(4): np.int64(627)}
2026-08-23 21:36:11,024 - INFO - Clusters found by AgglomerativeClustering
2026-08-23 21:36:11,024 - INFO - Clustering took 28.58 s
2026-08-23 21:36:11,024 - INFO - ========================================MODEL #9========================================
2026-08-23 21:36:11,024 - INFO - params: {'linkage': 'ward', 'metric': 'euclidean', 'n_clusters': 9}
2026-08-23 21:36:32,080 - INFO - silhouette_score: 0.39665673946587743
2026-08-23 21:36:32,081 - INFO - number of the clusters: 9
2026-08-23 21:36:32,081 - INFO - Clusers structure: {np.int64(0): np.int64(2635), np.int64(1): np.int64(4386), np.int64(2): np.int64(659), np.int64(3): np.int64(985), np.int64(4): np.int64(627), np.int64(5): np.int64(683), np.int64(6): np.int64(541), np.int64(7): np.int64(9661), np.int64(8): np.int64(823)}
2026-08-23 21:36:32,081 - INFO - Clusters found by AgglomerativeClustering
2026-08-23 21:36:32,081 - INFO - Clustering took 49.64 s
2026-08-23 21:36:32,081 - INFO - ========================================MODEL #10========================================
2026-08-23 21:36:32,081 - INFO - params: {'linkage': 'ward', 'metric': 'euclidean', 'n_clusters': 14}
2026-08-23 21:36:53,341 - INFO - silhouette_score: 0.4455951657976099
2026-08-23 21:36:53,341 - INFO - number of the clusters: 14
2026-08-23 21:36:53,341 - INFO - Clusers structure: {np.int64(0): np.int64(1076), np.int64(1): np.int64(1026), np.int64(2): np.int64(1202), np.int64(3): np.int64(2896), np.int64(4): np.int64(575), np.int64(5): np.int64(659), np.int64(6): np.int64(541), np.int64(7): np.int64(9661), np.int64(8): np.int64(823), np.int64(9): np.int64(407), np.int64(10): np.int64(627), np.int64(11): np.int64(683), np.int64(12): np.int64(410), np.int64(13): np.int64(414)}
2026-08-23 21:36:53,341 - INFO - Clusters found by AgglomerativeClustering
2026-08-23 21:36:53,341 - INFO - Clustering took 70.90 s
2026-08-23 21:36:53,341 - INFO - ========================================MODEL #11========================================
2026-08-23 21:36:53,341 - INFO - params: {'linkage': 'ward', 'metric': 'euclidean', 'n_clusters': 20}
2026-08-23 21:37:14,997 - INFO - silhouette_score: 0.49142460359087464
2026-08-23 21:37:14,997 - INFO - number of the clusters: 20
2026-08-23 21:37:14,997 - INFO - Clusers structure: {np.int64(0): np.int64(583), np.int64(1): np.int64(2346), np.int64(2): np.int64(659), np.int64(3): np.int64(550), np.int64(4): np.int64(575), np.int64(5): np.int64(683), np.int64(6): np.int64(541), np.int64(7): np.int64(9661), np.int64(8): np.int64(619), np.int64(9): np.int64(407), np.int64(10): np.int64(627), np.int64(11): np.int64(348), np.int64(12): np.int64(410), np.int64(13): np.int64(414), np.int64(14): np.int64(390), np.int64(15): np.int64(411), np.int64(16): np.int64(338), np.int64(17): np.int64(823), np.int64(18): np.int64(324), np.int64(19): np.int64(291)}
2026-08-23 21:37:14,997 - INFO - Clusters found by AgglomerativeClustering
2026-08-23 21:37:14,997 - INFO - Clustering took 92.55 s
2026-08-23 21:37:14,997 - INFO - ========================================MODEL #12========================================
2026-08-23 21:37:14,997 - INFO - params: {'linkage': 'ward', 'metric': 'euclidean', 'n_clusters': 24}
2026-08-23 21:37:36,373 - INFO - silhouette_score: 0.5174486807749477
2026-08-23 21:37:36,374 - INFO - number of the clusters: 24
2026-08-23 21:37:36,374 - INFO - Clusers structure: {np.int64(0): np.int64(619), np.int64(1): np.int64(1798), np.int64(2): np.int64(659), np.int64(3): np.int64(823), np.int64(4): np.int64(575), np.int64(5): np.int64(683), np.int64(6): np.int64(541), np.int64(7): np.int64(9661), np.int64(8): np.int64(324), np.int64(9): np.int64(407), np.int64(10): np.int64(627), np.int64(11): np.int64(348), np.int64(12): np.int64(410), np.int64(13): np.int64(414), np.int64(14): np.int64(390), np.int64(15): np.int64(411), np.int64(16): np.int64(338), np.int64(17): np.int64(284), np.int64(18): np.int64(277), np.int64(19): np.int64(291), np.int64(20): np.int64(299), np.int64(21): np.int64(280), np.int64(22): np.int64(271), np.int64(23): np.int64(270)}
2026-08-23 21:37:36,374 - INFO - Clusters found by AgglomerativeClustering
2026-08-23 21:37:36,374 - INFO - Clustering took 113.93 s
2026-08-23 21:37:36,374 - INFO - ========================================MODEL #13========================================
2026-08-23 21:37:36,374 - INFO - params: {'linkage': 'ward', 'metric': 'euclidean', 'n_clusters': 32}
2026-08-23 21:37:57,688 - INFO - silhouette_score: 0.5481774755724504
2026-08-23 21:37:57,688 - INFO - number of the clusters: 32
2026-08-23 21:37:57,688 - INFO - Clusers structure: {np.int64(0): np.int64(261), np.int64(1): np.int64(443), np.int64(2): np.int64(659), np.int64(3): np.int64(823), np.int64(4): np.int64(575), np.int64(5): np.int64(683), np.int64(6): np.int64(541), np.int64(7): np.int64(9661), np.int64(8): np.int64(324), np.int64(9): np.int64(407), np.int64(10): np.int64(627), np.int64(11): np.int64(348), np.int64(12): np.int64(410), np.int64(13): np.int64(414), np.int64(14): np.int64(390), np.int64(15): np.int64(291), np.int64(16): np.int64(338), np.int64(17): np.int64(284), np.int64(18): np.int64(277), np.int64(19): np.int64(291), np.int64(20): np.int64(299), np.int64(21): np.int64(280), np.int64(22): np.int64(271), np.int64(23): np.int64(270), np.int64(24): np.int64(328), np.int64(25): np.int64(235), np.int64(26): np.int64(203), np.int64(27): np.int64(167), np.int64(28): np.int64(176), np.int64(29): np.int64(147), np.int64(30): np.int64(166), np.int64(31): np.int64(411)}
2026-08-23 21:37:57,688 - INFO - Clusters found by AgglomerativeClustering
2026-08-23 21:37:57,688 - INFO - Clustering took 135.24 s
2026-08-23 21:37:57,689 - INFO - ========================================MODEL #14========================================
2026-08-23 21:37:57,689 - INFO - params: {'linkage': 'ward', 'metric': 'euclidean', 'n_clusters': 36}
2026-08-23 21:38:19,802 - INFO - silhouette_score: 0.5628372594064203
2026-08-23 21:38:19,803 - INFO - number of the clusters: 36
2026-08-23 21:38:19,803 - INFO - Clusers structure: {np.int64(0): np.int64(311), np.int64(1): np.int64(9568), np.int64(2): np.int64(659), np.int64(3): np.int64(291), np.int64(4): np.int64(575), np.int64(5): np.int64(683), np.int64(6): np.int64(541), np.int64(7): np.int64(713), np.int64(8): np.int64(324), np.int64(9): np.int64(407), np.int64(10): np.int64(627), np.int64(11): np.int64(348), np.int64(12): np.int64(410), np.int64(13): np.int64(414), np.int64(14): np.int64(390), np.int64(15): np.int64(411), np.int64(16): np.int64(338), np.int64(17): np.int64(284), np.int64(18): np.int64(277), np.int64(19): np.int64(291), np.int64(20): np.int64(299), np.int64(21): np.int64(280), np.int64(22): np.int64(271), np.int64(23): np.int64(270), np.int64(24): np.int64(328), np.int64(25): np.int64(235), np.int64(26): np.int64(203), np.int64(27): np.int64(167), np.int64(28): np.int64(176), np.int64(29): np.int64(147), np.int64(30): np.int64(166), np.int64(31): np.int64(130), np.int64(32): np.int64(131), np.int64(33): np.int64(132), np.int64(34): np.int64(110), np.int64(35): np.int64(93)}
2026-08-23 21:38:19,803 - INFO - Clusters found by AgglomerativeClustering
2026-08-23 21:38:19,803 - INFO - Clustering took 157.36 s
2026-08-23 21:38:19,803 - INFO - ========================================MODEL #15========================================
2026-08-23 21:38:19,803 - INFO - params: {'linkage': 'ward', 'metric': 'euclidean', 'n_clusters': 40}
2026-08-23 21:38:41,262 - INFO - silhouette_score: 0.5723926788311714
2026-08-23 21:38:41,263 - INFO - number of the clusters: 40
2026-08-23 21:38:41,263 - INFO - Clusers structure: {np.int64(0): np.int64(575), np.int64(1): np.int64(9487), np.int64(2): np.int64(124), np.int64(3): np.int64(291), np.int64(4): np.int64(627), np.int64(5): np.int64(683), np.int64(6): np.int64(541), np.int64(7): np.int64(713), np.int64(8): np.int64(324), np.int64(9): np.int64(407), np.int64(10): np.int64(280), np.int64(11): np.int64(348), np.int64(12): np.int64(410), np.int64(13): np.int64(414), np.int64(14): np.int64(390), np.int64(15): np.int64(411), np.int64(16): np.int64(338), np.int64(17): np.int64(284), np.int64(18): np.int64(277), np.int64(19): np.int64(291), np.int64(20): np.int64(299), np.int64(21): np.int64(576), np.int64(22): np.int64(271), np.int64(23): np.int64(270), np.int64(24): np.int64(328), np.int64(25): np.int64(235), np.int64(26): np.int64(203), np.int64(27): np.int64(167), np.int64(28): np.int64(176), np.int64(29): np.int64(147), np.int64(30): np.int64(166), np.int64(31): np.int64(130), np.int64(32): np.int64(131), np.int64(33): np.int64(132), np.int64(34): np.int64(110), np.int64(35): np.int64(93), np.int64(36): np.int64(103), np.int64(37): np.int64(81), np.int64(38): np.int64(84), np.int64(39): np.int64(83)}
2026-08-23 21:38:41,263 - INFO - Clusters found by AgglomerativeClustering
2026-08-23 21:38:41,263 - INFO - Clustering took 178.82 s
2026-08-23 21:38:41,263 - INFO - ========================================MODEL #16========================================
2026-08-23 21:38:41,263 - INFO - params: {'linkage': 'average', 'metric': 'cosine', 'n_clusters': 5}
2026-08-23 21:39:08,115 - INFO - silhouette_score: 0.30167433682559164
2026-08-23 21:39:08,116 - INFO - number of the clusters: 5
2026-08-23 21:39:08,116 - INFO - Clusers structure: {np.int64(0): np.int64(2194), np.int64(1): np.int64(4226), np.int64(2): np.int64(2785), np.int64(3): np.int64(10152), np.int64(4): np.int64(1643)}
2026-08-23 21:39:08,116 - INFO - Clusters found by AgglomerativeClustering
2026-08-23 21:39:08,116 - INFO - Clustering took 205.67 s
2026-08-23 21:39:08,116 - INFO - ========================================MODEL #17========================================
2026-08-23 21:39:08,116 - INFO - params: {'linkage': 'average', 'metric': 'cosine', 'n_clusters': 9}
2026-08-23 21:39:29,584 - INFO - silhouette_score: 0.34577907416571757
2026-08-23 21:39:29,585 - INFO - number of the clusters: 9
2026-08-23 21:39:29,585 - INFO - Clusers structure: {np.int64(0): np.int64(2645), np.int64(1): np.int64(1643), np.int64(2): np.int64(1970), np.int64(3): np.int64(10152), np.int64(4): np.int64(1663), np.int64(5): np.int64(531), np.int64(6): np.int64(1106), np.int64(7): np.int64(475), np.int64(8): np.int64(815)}
2026-08-23 21:39:29,585 - INFO - Clusters found by AgglomerativeClustering
2026-08-23 21:39:29,585 - INFO - Clustering took 227.14 s
2026-08-23 21:39:29,585 - INFO - ========================================MODEL #18========================================
2026-08-23 21:39:29,585 - INFO - params: {'linkage': 'average', 'metric': 'cosine', 'n_clusters': 14}
2026-08-23 21:39:49,088 - INFO - silhouette_score: 0.39842748269322553
2026-08-23 21:39:49,089 - INFO - number of the clusters: 14
2026-08-23 21:39:49,089 - INFO - Clusers structure: {np.int64(0): np.int64(10152), np.int64(1): np.int64(1663), np.int64(2): np.int64(785), np.int64(3): np.int64(1310), np.int64(4): np.int64(1288), np.int64(5): np.int64(660), np.int64(6): np.int64(838), np.int64(7): np.int64(475), np.int64(8): np.int64(815), np.int64(9): np.int64(530), np.int64(10): np.int64(805), np.int64(11): np.int64(531), np.int64(12): np.int64(572), np.int64(13): np.int64(576)}
2026-08-23 21:39:49,089 - INFO - Clusters found by AgglomerativeClustering
2026-08-23 21:39:49,089 - INFO - Clustering took 246.65 s
2026-08-23 21:39:49,089 - INFO - ========================================MODEL #19========================================
2026-08-23 21:39:49,089 - INFO - params: {'linkage': 'average', 'metric': 'cosine', 'n_clusters': 20}
2026-08-23 21:40:10,667 - INFO - silhouette_score: 0.4546095565680642
2026-08-23 21:40:10,668 - INFO - number of the clusters: 20
2026-08-23 21:40:10,668 - INFO - Clusers structure: {np.int64(0): np.int64(785), np.int64(1): np.int64(9924), np.int64(2): np.int64(660), np.int64(3): np.int64(713), np.int64(4): np.int64(837), np.int64(5): np.int64(476), np.int64(6): np.int64(838), np.int64(7): np.int64(475), np.int64(8): np.int64(597), np.int64(9): np.int64(339), np.int64(10): np.int64(805), np.int64(11): np.int64(531), np.int64(12): np.int64(572), np.int64(13): np.int64(576), np.int64(14): np.int64(87), np.int64(15): np.int64(792), np.int64(16): np.int64(451), np.int64(17): np.int64(871), np.int64(18): np.int64(141), np.int64(19): np.int64(530)}
2026-08-23 21:40:10,668 - INFO - Clusters found by AgglomerativeClustering
2026-08-23 21:40:10,668 - INFO - Clustering took 268.22 s
2026-08-23 21:40:10,668 - INFO - ========================================MODEL #20========================================
2026-08-23 21:40:10,668 - INFO - params: {'linkage': 'average', 'metric': 'cosine', 'n_clusters': 24}
2026-08-23 21:40:33,155 - INFO - silhouette_score: 0.4709395597242527
2026-08-23 21:40:33,155 - INFO - number of the clusters: 24
2026-08-23 21:40:33,155 - INFO - Clusers structure: {np.int64(0): np.int64(9749), np.int64(1): np.int64(837), np.int64(2): np.int64(476), np.int64(3): np.int64(597), np.int64(4): np.int64(601), np.int64(5): np.int64(640), np.int64(6): np.int64(838), np.int64(7): np.int64(475), np.int64(8): np.int64(141), np.int64(9): np.int64(339), np.int64(10): np.int64(175), np.int64(11): np.int64(531), np.int64(12): np.int64(572), np.int64(13): np.int64(576), np.int64(14): np.int64(87), np.int64(15): np.int64(792), np.int64(16): np.int64(451), np.int64(17): np.int64(871), np.int64(18): np.int64(460), np.int64(19): np.int64(530), np.int64(20): np.int64(325), np.int64(21): np.int64(805), np.int64(22): np.int64(73), np.int64(23): np.int64(59)}
2026-08-23 21:40:33,156 - INFO - Clusters found by AgglomerativeClustering
2026-08-23 21:40:33,156 - INFO - Clustering took 290.71 s
2026-08-23 21:40:33,156 - INFO - ========================================MODEL #21========================================
2026-08-23 21:40:33,156 - INFO - params: {'linkage': 'average', 'metric': 'cosine', 'n_clusters': 32}
2026-08-23 21:40:55,122 - INFO - silhouette_score: 0.5091705820816331
2026-08-23 21:40:55,123 - INFO - number of the clusters: 32
2026-08-23 21:40:55,123 - INFO - Clusers structure: {np.int64(0): np.int64(175), np.int64(1): np.int64(9417), np.int64(2): np.int64(367), np.int64(3): np.int64(141), np.int64(4): np.int64(184), np.int64(5): np.int64(572), np.int64(6): np.int64(838), np.int64(7): np.int64(475), np.int64(8): np.int64(460), np.int64(9): np.int64(339), np.int64(10): np.int64(510), np.int64(11): np.int64(531), np.int64(12): np.int64(321), np.int64(13): np.int64(273), np.int64(14): np.int64(317), np.int64(15): np.int64(91), np.int64(16): np.int64(451), np.int64(17): np.int64(871), np.int64(18): np.int64(193), np.int64(19): np.int64(530), np.int64(20): np.int64(325), np.int64(21): np.int64(805), np.int64(22): np.int64(73), np.int64(23): np.int64(59), np.int64(24): np.int64(43), np.int64(25): np.int64(283), np.int64(26): np.int64(336), np.int64(27): np.int64(576), np.int64(28): np.int64(289), np.int64(29): np.int64(276), np.int64(30): np.int64(87), np.int64(31): np.int64(792)}
2026-08-23 21:40:55,123 - INFO - Clusters found by AgglomerativeClustering
2026-08-23 21:40:55,123 - INFO - Clustering took 312.68 s
2026-08-23 21:40:55,123 - INFO - ========================================MODEL #22========================================
2026-08-23 21:40:55,123 - INFO - params: {'linkage': 'average', 'metric': 'cosine', 'n_clusters': 36}
2026-08-23 21:41:17,212 - INFO - silhouette_score: 0.5181911656232845
2026-08-23 21:41:17,213 - INFO - number of the clusters: 36
2026-08-23 21:41:17,213 - INFO - Clusers structure: {np.int64(0): np.int64(572), np.int64(1): np.int64(184), np.int64(2): np.int64(9273), np.int64(3): np.int64(141), np.int64(4): np.int64(339), np.int64(5): np.int64(47), np.int64(6): np.int64(838), np.int64(7): np.int64(139), np.int64(8): np.int64(320), np.int64(9): np.int64(36), np.int64(10): np.int64(510), np.int64(11): np.int64(531), np.int64(12): np.int64(321), np.int64(13): np.int64(273), np.int64(14): np.int64(317), np.int64(15): np.int64(475), np.int64(16): np.int64(78), np.int64(17): np.int64(460), np.int64(18): np.int64(193), np.int64(19): np.int64(530), np.int64(20): np.int64(325), np.int64(21): np.int64(805), np.int64(22): np.int64(73), np.int64(23): np.int64(59), np.int64(24): np.int64(43), np.int64(25): np.int64(283), np.int64(26): np.int64(336), np.int64(27): np.int64(576), np.int64(28): np.int64(289), np.int64(29): np.int64(276), np.int64(30): np.int64(87), np.int64(31): np.int64(792), np.int64(32): np.int64(91), np.int64(33): np.int64(66), np.int64(34): np.int64(451), np.int64(35): np.int64(871)}
2026-08-23 21:41:17,213 - INFO - Clusters found by AgglomerativeClustering
2026-08-23 21:41:17,213 - INFO - Clustering took 334.77 s
2026-08-23 21:41:17,213 - INFO - ========================================MODEL #23========================================
2026-08-23 21:41:17,213 - INFO - params: {'linkage': 'average', 'metric': 'cosine', 'n_clusters': 40}
2026-08-23 21:41:38,154 - INFO - silhouette_score: 0.534391868638397
2026-08-23 21:41:38,155 - INFO - number of the clusters: 40
2026-08-23 21:41:38,155 - INFO - Clusers structure: {np.int64(0): np.int64(8908), np.int64(1): np.int64(184), np.int64(2): np.int64(47), np.int64(3): np.int64(141), np.int64(4): np.int64(339), np.int64(5): np.int64(531), np.int64(6): np.int64(838), np.int64(7): np.int64(139), np.int64(8): np.int64(320), np.int64(9): np.int64(36), np.int64(10): np.int64(510), np.int64(11): np.int64(286), np.int64(12): np.int64(321), np.int64(13): np.int64(273), np.int64(14): np.int64(317), np.int64(15): np.int64(475), np.int64(16): np.int64(78), np.int64(17): np.int64(460), np.int64(18): np.int64(156), np.int64(19): np.int64(530), np.int64(20): np.int64(325), np.int64(21): np.int64(805), np.int64(22): np.int64(73), np.int64(23): np.int64(59), np.int64(24): np.int64(43), np.int64(25): np.int64(283), np.int64(26): np.int64(336), np.int64(27): np.int64(576), np.int64(28): np.int64(289), np.int64(29): np.int64(276), np.int64(30): np.int64(87), np.int64(31): np.int64(792), np.int64(32): np.int64(91), np.int64(33): np.int64(66), np.int64(34): np.int64(451), np.int64(35): np.int64(871), np.int64(36): np.int64(286), np.int64(37): np.int64(193), np.int64(38): np.int64(120), np.int64(39): np.int64(89)}
2026-08-23 21:41:38,155 - INFO - Clusters found by AgglomerativeClustering
2026-08-23 21:41:38,155 - INFO - Clustering took 355.71 s
2026-08-23 21:41:38,155 - INFO - ========================================MODEL #24========================================
2026-08-23 21:41:38,155 - INFO - params: {'linkage': 'average', 'metric': 'euclidean', 'n_clusters': 5}
2026-08-23 21:41:58,647 - INFO - silhouette_score: 0.5202030039333274
2026-08-23 21:41:58,647 - INFO - number of the clusters: 5
2026-08-23 21:41:58,647 - INFO - Clusers structure: {np.int64(0): np.int64(20992), np.int64(1): np.int64(2), np.int64(2): np.int64(4), np.int64(3): np.int64(1), np.int64(4): np.int64(1)}
2026-08-23 21:41:58,647 - INFO - Clusters found by AgglomerativeClustering
2026-08-23 21:41:58,647 - INFO - Clustering took 376.20 s
2026-08-23 21:41:58,647 - INFO - ========================================MODEL #25========================================
2026-08-23 21:41:58,647 - INFO - params: {'linkage': 'average', 'metric': 'euclidean', 'n_clusters': 9}
2026-08-23 21:42:18,970 - INFO - silhouette_score: 0.49890495187413536
2026-08-23 21:42:18,970 - INFO - number of the clusters: 9
2026-08-23 21:42:18,970 - INFO - Clusers structure: {np.int64(0): np.int64(20985), np.int64(1): np.int64(2), np.int64(2): np.int64(4), np.int64(3): np.int64(2), np.int64(4): np.int64(1), np.int64(5): np.int64(1), np.int64(6): np.int64(2), np.int64(7): np.int64(1), np.int64(8): np.int64(2)}
2026-08-23 21:42:18,970 - INFO - Clusters found by AgglomerativeClustering
2026-08-23 21:42:18,970 - INFO - Clustering took 396.53 s
2026-08-23 21:42:18,970 - INFO - ========================================MODEL #26========================================
2026-08-23 21:42:18,970 - INFO - params: {'linkage': 'average', 'metric': 'euclidean', 'n_clusters': 14}
2026-08-23 21:42:38,324 - INFO - silhouette_score: 0.4770349699941818
2026-08-23 21:42:38,324 - INFO - number of the clusters: 14
2026-08-23 21:42:38,324 - INFO - Clusers structure: {np.int64(0): np.int64(20971), np.int64(1): np.int64(3), np.int64(2): np.int64(4), np.int64(3): np.int64(2), np.int64(4): np.int64(2), np.int64(5): np.int64(4), np.int64(6): np.int64(2), np.int64(7): np.int64(1), np.int64(8): np.int64(2), np.int64(9): np.int64(1), np.int64(10): np.int64(4), np.int64(11): np.int64(1), np.int64(12): np.int64(1), np.int64(13): np.int64(2)}
2026-08-23 21:42:38,324 - INFO - Clusters found by AgglomerativeClustering
2026-08-23 21:42:38,325 - INFO - Clustering took 415.88 s
2026-08-23 21:42:38,325 - INFO - ========================================MODEL #27========================================
2026-08-23 21:42:38,325 - INFO - params: {'linkage': 'average', 'metric': 'euclidean', 'n_clusters': 20}
2026-08-23 21:42:58,728 - INFO - silhouette_score: 0.45751404009879904
2026-08-23 21:42:58,728 - INFO - number of the clusters: 20
2026-08-23 21:42:58,728 - INFO - Clusers structure: {np.int64(0): np.int64(20953), np.int64(1): np.int64(3), np.int64(2): np.int64(4), np.int64(3): np.int64(3), np.int64(4): np.int64(2), np.int64(5): np.int64(4), np.int64(6): np.int64(2), np.int64(7): np.int64(2), np.int64(8): np.int64(2), np.int64(9): np.int64(6), np.int64(10): np.int64(4), np.int64(11): np.int64(1), np.int64(12): np.int64(1), np.int64(13): np.int64(2), np.int64(14): np.int64(5), np.int64(15): np.int64(1), np.int64(16): np.int64(1), np.int64(17): np.int64(1), np.int64(18): np.int64(2), np.int64(19): np.int64(1)}
2026-08-23 21:42:58,728 - INFO - Clusters found by AgglomerativeClustering
2026-08-23 21:42:58,728 - INFO - Clustering took 436.28 s
2026-08-23 21:42:58,728 - INFO - ========================================MODEL #28========================================
2026-08-23 21:42:58,728 - INFO - params: {'linkage': 'average', 'metric': 'euclidean', 'n_clusters': 24}
2026-08-23 21:43:19,462 - INFO - silhouette_score: 0.451010787602188
2026-08-23 21:43:19,462 - INFO - number of the clusters: 24
2026-08-23 21:43:19,463 - INFO - Clusers structure: {np.int64(0): np.int64(3), np.int64(1): np.int64(20946), np.int64(2): np.int64(4), np.int64(3): np.int64(3), np.int64(4): np.int64(2), np.int64(5): np.int64(4), np.int64(6): np.int64(2), np.int64(7): np.int64(2), np.int64(8): np.int64(2), np.int64(9): np.int64(6), np.int64(10): np.int64(4), np.int64(11): np.int64(3), np.int64(12): np.int64(1), np.int64(13): np.int64(2), np.int64(14): np.int64(5), np.int64(15): np.int64(1), np.int64(16): np.int64(1), np.int64(17): np.int64(1), np.int64(18): np.int64(2), np.int64(19): np.int64(1), np.int64(20): np.int64(2), np.int64(21): np.int64(1), np.int64(22): np.int64(1), np.int64(23): np.int64(1)}
2026-08-23 21:43:19,463 - INFO - Clusters found by AgglomerativeClustering
2026-08-23 21:43:19,463 - INFO - Clustering took 457.02 s
2026-08-23 21:43:19,463 - INFO - ========================================MODEL #29========================================
2026-08-23 21:43:19,463 - INFO - params: {'linkage': 'average', 'metric': 'euclidean', 'n_clusters': 32}
2026-08-23 21:43:41,277 - INFO - silhouette_score: 0.4323595789951345
2026-08-23 21:43:41,278 - INFO - number of the clusters: 32
2026-08-23 21:43:41,278 - INFO - Clusers structure: {np.int64(0): np.int64(20913), np.int64(1): np.int64(3), np.int64(2): np.int64(4), np.int64(3): np.int64(2), np.int64(4): np.int64(6), np.int64(5): np.int64(6), np.int64(6): np.int64(3), np.int64(7): np.int64(5), np.int64(8): np.int64(2), np.int64(9): np.int64(2), np.int64(10): np.int64(4), np.int64(11): np.int64(3), np.int64(12): np.int64(4), np.int64(13): np.int64(2), np.int64(14): np.int64(7), np.int64(15): np.int64(1), np.int64(16): np.int64(1), np.int64(17): np.int64(1), np.int64(18): np.int64(2), np.int64(19): np.int64(1), np.int64(20): np.int64(2), np.int64(21): np.int64(1), np.int64(22): np.int64(1), np.int64(23): np.int64(1), np.int64(24): np.int64(1), np.int64(25): np.int64(1), np.int64(26): np.int64(10), np.int64(27): np.int64(2), np.int64(28): np.int64(1), np.int64(29): np.int64(2), np.int64(30): np.int64(5), np.int64(31): np.int64(1)}
2026-08-23 21:43:41,278 - INFO - Clusters found by AgglomerativeClustering
2026-08-23 21:43:41,278 - INFO - Clustering took 478.83 s
2026-08-23 21:43:41,278 - INFO - ========================================MODEL #30========================================
2026-08-23 21:43:41,278 - INFO - params: {'linkage': 'average', 'metric': 'euclidean', 'n_clusters': 36}
2026-08-23 21:44:03,162 - INFO - silhouette_score: 0.4279791683156956
2026-08-23 21:44:03,163 - INFO - number of the clusters: 36
2026-08-23 21:44:03,163 - INFO - Clusers structure: {np.int64(0): np.int64(20910), np.int64(1): np.int64(5), np.int64(2): np.int64(6), np.int64(3): np.int64(2), np.int64(4): np.int64(6), np.int64(5): np.int64(4), np.int64(6): np.int64(3), np.int64(7): np.int64(2), np.int64(8): np.int64(2), np.int64(9): np.int64(2), np.int64(10): np.int64(4), np.int64(11): np.int64(3), np.int64(12): np.int64(10), np.int64(13): np.int64(2), np.int64(14): np.int64(7), np.int64(15): np.int64(3), np.int64(16): np.int64(1), np.int64(17): np.int64(2), np.int64(18): np.int64(2), np.int64(19): np.int64(1), np.int64(20): np.int64(2), np.int64(21): np.int64(1), np.int64(22): np.int64(1), np.int64(23): np.int64(1), np.int64(24): np.int64(1), np.int64(25): np.int64(1), np.int64(26): np.int64(1), np.int64(27): np.int64(2), np.int64(28): np.int64(1), np.int64(29): np.int64(2), np.int64(30): np.int64(5), np.int64(31): np.int64(1), np.int64(32): np.int64(1), np.int64(33): np.int64(1), np.int64(34): np.int64(1), np.int64(35): np.int64(1)}
2026-08-23 21:44:03,163 - INFO - Clusters found by AgglomerativeClustering
2026-08-23 21:44:03,163 - INFO - Clustering took 500.72 s
2026-08-23 21:44:03,163 - INFO - ========================================MODEL #31========================================
2026-08-23 21:44:03,163 - INFO - params: {'linkage': 'average', 'metric': 'euclidean', 'n_clusters': 40}
2026-08-23 21:44:23,037 - INFO - silhouette_score: 0.41691549341325895
2026-08-23 21:44:23,038 - INFO - number of the clusters: 40
2026-08-23 21:44:23,038 - INFO - Clusers structure: {np.int64(0): np.int64(20899), np.int64(1): np.int64(6), np.int64(2): np.int64(3), np.int64(3): np.int64(4), np.int64(4): np.int64(2), np.int64(5): np.int64(4), np.int64(6): np.int64(7), np.int64(7): np.int64(2), np.int64(8): np.int64(7), np.int64(9): np.int64(4), np.int64(10): np.int64(4), np.int64(11): np.int64(3), np.int64(12): np.int64(10), np.int64(13): np.int64(2), np.int64(14): np.int64(5), np.int64(15): np.int64(3), np.int64(16): np.int64(1), np.int64(17): np.int64(2), np.int64(18): np.int64(2), np.int64(19): np.int64(2), np.int64(20): np.int64(2), np.int64(21): np.int64(1), np.int64(22): np.int64(1), np.int64(23): np.int64(1), np.int64(24): np.int64(1), np.int64(25): np.int64(1), np.int64(26): np.int64(1), np.int64(27): np.int64(2), np.int64(28): np.int64(1), np.int64(29): np.int64(2), np.int64(30): np.int64(3), np.int64(31): np.int64(1), np.int64(32): np.int64(1), np.int64(33): np.int64(1), np.int64(34): np.int64(1), np.int64(35): np.int64(1), np.int64(36): np.int64(2), np.int64(37): np.int64(2), np.int64(38): np.int64(2), np.int64(39): np.int64(1)}
2026-08-23 21:44:23,038 - INFO - Clusters found by AgglomerativeClustering
2026-08-23 21:44:23,038 - INFO - Clustering took 520.59 s
2026-08-23 21:44:23,038 - INFO - ========================================MODEL #32========================================
2026-08-23 21:44:23,038 - INFO - params: {'linkage': 'single', 'metric': 'cosine', 'n_clusters': 5}
2026-08-23 21:44:36,566 - INFO - silhouette_score: 0.29472079290232983
2026-08-23 21:44:36,566 - INFO - number of the clusters: 5
2026-08-23 21:44:36,566 - INFO - Clusers structure: {np.int64(0): np.int64(20996), np.int64(1): np.int64(1), np.int64(2): np.int64(1), np.int64(3): np.int64(1), np.int64(4): np.int64(1)}
2026-08-23 21:44:36,566 - INFO - Clusters found by AgglomerativeClustering
2026-08-23 21:44:36,566 - INFO - Clustering took 534.12 s
2026-08-23 21:44:36,566 - INFO - ========================================MODEL #33========================================
2026-08-23 21:44:36,566 - INFO - params: {'linkage': 'single', 'metric': 'cosine', 'n_clusters': 9}
2026-08-23 21:44:50,060 - INFO - silhouette_score: 0.2908390326250111
2026-08-23 21:44:50,060 - INFO - number of the clusters: 9
2026-08-23 21:44:50,060 - INFO - Clusers structure: {np.int64(0): np.int64(20992), np.int64(1): np.int64(1), np.int64(2): np.int64(1), np.int64(3): np.int64(1), np.int64(4): np.int64(1), np.int64(5): np.int64(1), np.int64(6): np.int64(1), np.int64(7): np.int64(1), np.int64(8): np.int64(1)}
2026-08-23 21:44:50,060 - INFO - Clusters found by AgglomerativeClustering
2026-08-23 21:44:50,060 - INFO - Clustering took 547.62 s
2026-08-23 21:44:50,060 - INFO - ========================================MODEL #34========================================
2026-08-23 21:44:50,061 - INFO - params: {'linkage': 'single', 'metric': 'cosine', 'n_clusters': 14}
2026-08-23 21:45:04,091 - INFO - silhouette_score: 0.28905163399393896
2026-08-23 21:45:04,092 - INFO - number of the clusters: 14
2026-08-23 21:45:04,092 - INFO - Clusers structure: {np.int64(0): np.int64(20986), np.int64(1): np.int64(2), np.int64(2): np.int64(1), np.int64(3): np.int64(1), np.int64(4): np.int64(1), np.int64(5): np.int64(1), np.int64(6): np.int64(1), np.int64(7): np.int64(1), np.int64(8): np.int64(1), np.int64(9): np.int64(1), np.int64(10): np.int64(1), np.int64(11): np.int64(1), np.int64(12): np.int64(1), np.int64(13): np.int64(1)}
2026-08-23 21:45:04,092 - INFO - Clusters found by AgglomerativeClustering
2026-08-23 21:45:04,092 - INFO - Clustering took 561.65 s
2026-08-23 21:45:04,092 - INFO - ========================================MODEL #35========================================
2026-08-23 21:45:04,092 - INFO - params: {'linkage': 'single', 'metric': 'cosine', 'n_clusters': 20}
2026-08-23 21:45:17,655 - INFO - silhouette_score: 0.28631160535494155
2026-08-23 21:45:17,655 - INFO - number of the clusters: 20
2026-08-23 21:45:17,655 - INFO - Clusers structure: {np.int64(0): np.int64(20979), np.int64(1): np.int64(2), np.int64(2): np.int64(1), np.int64(3): np.int64(2), np.int64(4): np.int64(1), np.int64(5): np.int64(1), np.int64(6): np.int64(1), np.int64(7): np.int64(1), np.int64(8): np.int64(1), np.int64(9): np.int64(1), np.int64(10): np.int64(1), np.int64(11): np.int64(1), np.int64(12): np.int64(1), np.int64(13): np.int64(1), np.int64(14): np.int64(1), np.int64(15): np.int64(1), np.int64(16): np.int64(1), np.int64(17): np.int64(1), np.int64(18): np.int64(1), np.int64(19): np.int64(1)}
2026-08-23 21:45:17,655 - INFO - Clusters found by AgglomerativeClustering
2026-08-23 21:45:17,656 - INFO - Clustering took 575.21 s
2026-08-23 21:45:17,656 - INFO - ========================================MODEL #36========================================
2026-08-23 21:45:17,656 - INFO - params: {'linkage': 'single', 'metric': 'cosine', 'n_clusters': 24}
2026-08-23 21:45:31,049 - INFO - silhouette_score: 0.2698303863794962
2026-08-23 21:45:31,050 - INFO - number of the clusters: 24
2026-08-23 21:45:31,050 - INFO - Clusers structure: {np.int64(0): np.int64(20973), np.int64(1): np.int64(2), np.int64(2): np.int64(2), np.int64(3): np.int64(2), np.int64(4): np.int64(2), np.int64(5): np.int64(1), np.int64(6): np.int64(1), np.int64(7): np.int64(1), np.int64(8): np.int64(1), np.int64(9): np.int64(1), np.int64(10): np.int64(1), np.int64(11): np.int64(1), np.int64(12): np.int64(1), np.int64(13): np.int64(1), np.int64(14): np.int64(1), np.int64(15): np.int64(1), np.int64(16): np.int64(1), np.int64(17): np.int64(1), np.int64(18): np.int64(1), np.int64(19): np.int64(1), np.int64(20): np.int64(1), np.int64(21): np.int64(1), np.int64(22): np.int64(1), np.int64(23): np.int64(1)}
2026-08-23 21:45:31,050 - INFO - Clusters found by AgglomerativeClustering
2026-08-23 21:45:31,050 - INFO - Clustering took 588.61 s
2026-08-23 21:45:31,050 - INFO - ========================================MODEL #37========================================
2026-08-23 21:45:31,050 - INFO - params: {'linkage': 'single', 'metric': 'cosine', 'n_clusters': 32}
2026-08-23 21:45:44,011 - INFO - silhouette_score: 0.2346750764276015
2026-08-23 21:45:44,011 - INFO - number of the clusters: 32
2026-08-23 21:45:44,011 - INFO - Clusers structure: {np.int64(0): np.int64(20964), np.int64(1): np.int64(2), np.int64(2): np.int64(2), np.int64(3): np.int64(2), np.int64(4): np.int64(2), np.int64(5): np.int64(1), np.int64(6): np.int64(2), np.int64(7): np.int64(1), np.int64(8): np.int64(1), np.int64(9): np.int64(1), np.int64(10): np.int64(1), np.int64(11): np.int64(1), np.int64(12): np.int64(1), np.int64(13): np.int64(1), np.int64(14): np.int64(1), np.int64(15): np.int64(1), np.int64(16): np.int64(1), np.int64(17): np.int64(1), np.int64(18): np.int64(1), np.int64(19): np.int64(1), np.int64(20): np.int64(1), np.int64(21): np.int64(1), np.int64(22): np.int64(1), np.int64(23): np.int64(1), np.int64(24): np.int64(1), np.int64(25): np.int64(1), np.int64(26): np.int64(1), np.int64(27): np.int64(1), np.int64(28): np.int64(1), np.int64(29): np.int64(1), np.int64(30): np.int64(1), np.int64(31): np.int64(1)}
2026-08-23 21:45:44,011 - INFO - Clusters found by AgglomerativeClustering
2026-08-23 21:45:44,011 - INFO - Clustering took 601.57 s
2026-08-23 21:45:44,011 - INFO - ========================================MODEL #38========================================
2026-08-23 21:45:44,011 - INFO - params: {'linkage': 'single', 'metric': 'cosine', 'n_clusters': 36}
2026-08-23 21:45:56,833 - INFO - silhouette_score: 0.23308229026044852
2026-08-23 21:45:56,833 - INFO - number of the clusters: 36
2026-08-23 21:45:56,833 - INFO - Clusers structure: {np.int64(0): np.int64(20960), np.int64(1): np.int64(2), np.int64(2): np.int64(2), np.int64(3): np.int64(2), np.int64(4): np.int64(2), np.int64(5): np.int64(1), np.int64(6): np.int64(2), np.int64(7): np.int64(1), np.int64(8): np.int64(1), np.int64(9): np.int64(1), np.int64(10): np.int64(1), np.int64(11): np.int64(1), np.int64(12): np.int64(1), np.int64(13): np.int64(1), np.int64(14): np.int64(1), np.int64(15): np.int64(1), np.int64(16): np.int64(1), np.int64(17): np.int64(1), np.int64(18): np.int64(1), np.int64(19): np.int64(1), np.int64(20): np.int64(1), np.int64(21): np.int64(1), np.int64(22): np.int64(1), np.int64(23): np.int64(1), np.int64(24): np.int64(1), np.int64(25): np.int64(1), np.int64(26): np.int64(1), np.int64(27): np.int64(1), np.int64(28): np.int64(1), np.int64(29): np.int64(1), np.int64(30): np.int64(1), np.int64(31): np.int64(1), np.int64(32): np.int64(1), np.int64(33): np.int64(1), np.int64(34): np.int64(1), np.int64(35): np.int64(1)}
2026-08-23 21:45:56,833 - INFO - Clusters found by AgglomerativeClustering
2026-08-23 21:45:56,833 - INFO - Clustering took 614.39 s
2026-08-23 21:45:56,833 - INFO - ========================================MODEL #39========================================
2026-08-23 21:45:56,833 - INFO - params: {'linkage': 'single', 'metric': 'cosine', 'n_clusters': 40}
2026-08-23 21:46:10,444 - INFO - silhouette_score: 0.23254947230138068
2026-08-23 21:46:10,444 - INFO - number of the clusters: 40
2026-08-23 21:46:10,444 - INFO - Clusers structure: {np.int64(0): np.int64(20956), np.int64(1): np.int64(2), np.int64(2): np.int64(2), np.int64(3): np.int64(2), np.int64(4): np.int64(2), np.int64(5): np.int64(1), np.int64(6): np.int64(2), np.int64(7): np.int64(1), np.int64(8): np.int64(1), np.int64(9): np.int64(1), np.int64(10): np.int64(1), np.int64(11): np.int64(1), np.int64(12): np.int64(1), np.int64(13): np.int64(1), np.int64(14): np.int64(1), np.int64(15): np.int64(1), np.int64(16): np.int64(1), np.int64(17): np.int64(1), np.int64(18): np.int64(1), np.int64(19): np.int64(1), np.int64(20): np.int64(1), np.int64(21): np.int64(1), np.int64(22): np.int64(1), np.int64(23): np.int64(1), np.int64(24): np.int64(1), np.int64(25): np.int64(1), np.int64(26): np.int64(1), np.int64(27): np.int64(1), np.int64(28): np.int64(1), np.int64(29): np.int64(1), np.int64(30): np.int64(1), np.int64(31): np.int64(1), np.int64(32): np.int64(1), np.int64(33): np.int64(1), np.int64(34): np.int64(1), np.int64(35): np.int64(1), np.int64(36): np.int64(1), np.int64(37): np.int64(1), np.int64(38): np.int64(1), np.int64(39): np.int64(1)}
2026-08-23 21:46:10,444 - INFO - Clusters found by AgglomerativeClustering
2026-08-23 21:46:10,445 - INFO - Clustering took 628.00 s
2026-08-23 21:46:10,445 - INFO - ========================================MODEL #40========================================
2026-08-23 21:46:10,445 - INFO - params: {'linkage': 'single', 'metric': 'euclidean', 'n_clusters': 5}
2026-08-23 21:46:21,423 - INFO - silhouette_score: 0.504883015743469
2026-08-23 21:46:21,424 - INFO - number of the clusters: 5
2026-08-23 21:46:21,424 - INFO - Clusers structure: {np.int64(0): np.int64(20996), np.int64(1): np.int64(1), np.int64(2): np.int64(1), np.int64(3): np.int64(1), np.int64(4): np.int64(1)}
2026-08-23 21:46:21,424 - INFO - Clusters found by AgglomerativeClustering
2026-08-23 21:46:21,424 - INFO - Clustering took 638.98 s
2026-08-23 21:46:21,424 - INFO - ========================================MODEL #41========================================
2026-08-23 21:46:21,424 - INFO - params: {'linkage': 'single', 'metric': 'euclidean', 'n_clusters': 9}
2026-08-23 21:46:33,351 - INFO - silhouette_score: 0.49544589836815284
2026-08-23 21:46:33,352 - INFO - number of the clusters: 9
2026-08-23 21:46:33,352 - INFO - Clusers structure: {np.int64(0): np.int64(20992), np.int64(1): np.int64(1), np.int64(2): np.int64(1), np.int64(3): np.int64(1), np.int64(4): np.int64(1), np.int64(5): np.int64(1), np.int64(6): np.int64(1), np.int64(7): np.int64(1), np.int64(8): np.int64(1)}
2026-08-23 21:46:33,352 - INFO - Clusters found by AgglomerativeClustering
2026-08-23 21:46:33,352 - INFO - Clustering took 650.91 s
2026-08-23 21:46:33,352 - INFO - ========================================MODEL #42========================================
2026-08-23 21:46:33,352 - INFO - params: {'linkage': 'single', 'metric': 'euclidean', 'n_clusters': 14}
2026-08-23 21:46:46,031 - INFO - silhouette_score: 0.4871442370392572
2026-08-23 21:46:46,031 - INFO - number of the clusters: 14
2026-08-23 21:46:46,031 - INFO - Clusers structure: {np.int64(0): np.int64(20987), np.int64(1): np.int64(1), np.int64(2): np.int64(1), np.int64(3): np.int64(1), np.int64(4): np.int64(1), np.int64(5): np.int64(1), np.int64(6): np.int64(1), np.int64(7): np.int64(1), np.int64(8): np.int64(1), np.int64(9): np.int64(1), np.int64(10): np.int64(1), np.int64(11): np.int64(1), np.int64(12): np.int64(1), np.int64(13): np.int64(1)}
2026-08-23 21:46:46,031 - INFO - Clusters found by AgglomerativeClustering
2026-08-23 21:46:46,031 - INFO - Clustering took 663.59 s
2026-08-23 21:46:46,031 - INFO - ========================================MODEL #43========================================
2026-08-23 21:46:46,031 - INFO - params: {'linkage': 'single', 'metric': 'euclidean', 'n_clusters': 20}
2026-08-23 21:46:57,175 - INFO - silhouette_score: 0.47440688557426136
2026-08-23 21:46:57,175 - INFO - number of the clusters: 20
2026-08-23 21:46:57,175 - INFO - Clusers structure: {np.int64(0): np.int64(20981), np.int64(1): np.int64(1), np.int64(2): np.int64(1), np.int64(3): np.int64(1), np.int64(4): np.int64(1), np.int64(5): np.int64(1), np.int64(6): np.int64(1), np.int64(7): np.int64(1), np.int64(8): np.int64(1), np.int64(9): np.int64(1), np.int64(10): np.int64(1), np.int64(11): np.int64(1), np.int64(12): np.int64(1), np.int64(13): np.int64(1), np.int64(14): np.int64(1), np.int64(15): np.int64(1), np.int64(16): np.int64(1), np.int64(17): np.int64(1), np.int64(18): np.int64(1), np.int64(19): np.int64(1)}
2026-08-23 21:46:57,175 - INFO - Clusters found by AgglomerativeClustering
2026-08-23 21:46:57,175 - INFO - Clustering took 674.73 s
2026-08-23 21:46:57,175 - INFO - ========================================MODEL #44========================================
2026-08-23 21:46:57,176 - INFO - params: {'linkage': 'single', 'metric': 'euclidean', 'n_clusters': 24}
2026-08-23 21:47:08,228 - INFO - silhouette_score: 0.450495646949735
2026-08-23 21:47:08,228 - INFO - number of the clusters: 24
2026-08-23 21:47:08,228 - INFO - Clusers structure: {np.int64(0): np.int64(20977), np.int64(1): np.int64(1), np.int64(2): np.int64(1), np.int64(3): np.int64(1), np.int64(4): np.int64(1), np.int64(5): np.int64(1), np.int64(6): np.int64(1), np.int64(7): np.int64(1), np.int64(8): np.int64(1), np.int64(9): np.int64(1), np.int64(10): np.int64(1), np.int64(11): np.int64(1), np.int64(12): np.int64(1), np.int64(13): np.int64(1), np.int64(14): np.int64(1), np.int64(15): np.int64(1), np.int64(16): np.int64(1), np.int64(17): np.int64(1), np.int64(18): np.int64(1), np.int64(19): np.int64(1), np.int64(20): np.int64(1), np.int64(21): np.int64(1), np.int64(22): np.int64(1), np.int64(23): np.int64(1)}
2026-08-23 21:47:08,228 - INFO - Clusters found by AgglomerativeClustering
2026-08-23 21:47:08,228 - INFO - Clustering took 685.78 s
2026-08-23 21:47:08,229 - INFO - ========================================MODEL #45========================================
2026-08-23 21:47:08,229 - INFO - params: {'linkage': 'single', 'metric': 'euclidean', 'n_clusters': 32}
2026-08-23 21:47:19,880 - INFO - silhouette_score: 0.42457711256538877
2026-08-23 21:47:19,881 - INFO - number of the clusters: 32
2026-08-23 21:47:19,881 - INFO - Clusers structure: {np.int64(0): np.int64(20969), np.int64(1): np.int64(1), np.int64(2): np.int64(1), np.int64(3): np.int64(1), np.int64(4): np.int64(1), np.int64(5): np.int64(1), np.int64(6): np.int64(1), np.int64(7): np.int64(1), np.int64(8): np.int64(1), np.int64(9): np.int64(1), np.int64(10): np.int64(1), np.int64(11): np.int64(1), np.int64(12): np.int64(1), np.int64(13): np.int64(1), np.int64(14): np.int64(1), np.int64(15): np.int64(1), np.int64(16): np.int64(1), np.int64(17): np.int64(1), np.int64(18): np.int64(1), np.int64(19): np.int64(1), np.int64(20): np.int64(1), np.int64(21): np.int64(1), np.int64(22): np.int64(1), np.int64(23): np.int64(1), np.int64(24): np.int64(1), np.int64(25): np.int64(1), np.int64(26): np.int64(1), np.int64(27): np.int64(1), np.int64(28): np.int64(1), np.int64(29): np.int64(1), np.int64(30): np.int64(1), np.int64(31): np.int64(1)}
2026-08-23 21:47:19,881 - INFO - Clusters found by AgglomerativeClustering
2026-08-23 21:47:19,881 - INFO - Clustering took 697.44 s
2026-08-23 21:47:19,881 - INFO - ========================================MODEL #46========================================
2026-08-23 21:47:19,881 - INFO - params: {'linkage': 'single', 'metric': 'euclidean', 'n_clusters': 36}
2026-08-23 21:47:32,095 - INFO - silhouette_score: 0.4159821059783787
2026-08-23 21:47:32,096 - INFO - number of the clusters: 36
2026-08-23 21:47:32,096 - INFO - Clusers structure: {np.int64(0): np.int64(20965), np.int64(1): np.int64(1), np.int64(2): np.int64(1), np.int64(3): np.int64(1), np.int64(4): np.int64(1), np.int64(5): np.int64(1), np.int64(6): np.int64(1), np.int64(7): np.int64(1), np.int64(8): np.int64(1), np.int64(9): np.int64(1), np.int64(10): np.int64(1), np.int64(11): np.int64(1), np.int64(12): np.int64(1), np.int64(13): np.int64(1), np.int64(14): np.int64(1), np.int64(15): np.int64(1), np.int64(16): np.int64(1), np.int64(17): np.int64(1), np.int64(18): np.int64(1), np.int64(19): np.int64(1), np.int64(20): np.int64(1), np.int64(21): np.int64(1), np.int64(22): np.int64(1), np.int64(23): np.int64(1), np.int64(24): np.int64(1), np.int64(25): np.int64(1), np.int64(26): np.int64(1), np.int64(27): np.int64(1), np.int64(28): np.int64(1), np.int64(29): np.int64(1), np.int64(30): np.int64(1), np.int64(31): np.int64(1), np.int64(32): np.int64(1), np.int64(33): np.int64(1), np.int64(34): np.int64(1), np.int64(35): np.int64(1)}
2026-08-23 21:47:32,096 - INFO - Clusters found by AgglomerativeClustering
2026-08-23 21:47:32,096 - INFO - Clustering took 709.65 s
2026-08-23 21:47:32,096 - INFO - ========================================MODEL #47========================================
2026-08-23 21:47:32,096 - INFO - params: {'linkage': 'single', 'metric': 'euclidean', 'n_clusters': 40}
2026-08-23 21:47:43,711 - INFO - silhouette_score: 0.4087324920986598
2026-08-23 21:47:43,711 - INFO - number of the clusters: 40
2026-08-23 21:47:43,711 - INFO - Clusers structure: {np.int64(0): np.int64(20961), np.int64(1): np.int64(1), np.int64(2): np.int64(1), np.int64(3): np.int64(1), np.int64(4): np.int64(1), np.int64(5): np.int64(1), np.int64(6): np.int64(1), np.int64(7): np.int64(1), np.int64(8): np.int64(1), np.int64(9): np.int64(1), np.int64(10): np.int64(1), np.int64(11): np.int64(1), np.int64(12): np.int64(1), np.int64(13): np.int64(1), np.int64(14): np.int64(1), np.int64(15): np.int64(1), np.int64(16): np.int64(1), np.int64(17): np.int64(1), np.int64(18): np.int64(1), np.int64(19): np.int64(1), np.int64(20): np.int64(1), np.int64(21): np.int64(1), np.int64(22): np.int64(1), np.int64(23): np.int64(1), np.int64(24): np.int64(1), np.int64(25): np.int64(1), np.int64(26): np.int64(1), np.int64(27): np.int64(1), np.int64(28): np.int64(1), np.int64(29): np.int64(1), np.int64(30): np.int64(1), np.int64(31): np.int64(1), np.int64(32): np.int64(1), np.int64(33): np.int64(1), np.int64(34): np.int64(1), np.int64(35): np.int64(1), np.int64(36): np.int64(1), np.int64(37): np.int64(1), np.int64(38): np.int64(1), np.int64(39): np.int64(1)}
2026-08-23 21:47:43,711 - INFO - Clusters found by AgglomerativeClustering
2026-08-23 21:47:43,711 - INFO - Clustering took 721.27 s
